
> resume-builder@2.0.0 build
> tsc -b && vite build

[36mvite v7.3.1 [32mbuilding client environment for production...[36m[39m
transforming...
[32mΓ£ô[39m 2347 modules transformed.
rendering chunks...
computing gzip size...
[2mdist/[22m[32mindex.html                 [39m[1m[2m    0.46 kB[22m[1m[22m[2m Γöé gzip:   0.30 kB[22m
[2mdist/[22m[35massets/index-B4lJHjyM.css  [39m[1m[2m   38.88 kB[22m[1m[22m[2m Γöé gzip:   7.21 kB[22m
[2mdist/[22m[36massets/pdf-TYrZqVzP.js     [39m[1m[2m  404.30 kB[22m[1m[22m[2m Γöé gzip: 119.60 kB[22m
[2mdist/[22m[36massets/index-BVn4z1ih.js   [39m[1m[2m  498.48 kB[22m[1m[22m[2m Γöé gzip: 129.52 kB[22m
[2mdist/[22m[36massets/index-MVK-cHqh.js   [39m[1m[33m2,489.73 kB[39m[22m[2m Γöé gzip: 752.43 kB[22m
node.exe : [33m
At line:1 char:1
+ & "C:\Program Files
\nodejs/node.exe" 
"C:\Program 
Files\nodejs/node_mo 
...
+ ~~~~~~~~~~~~~~~~~~~
~~~~~~~~~~~~~~~~~~~~~
~~~~~~~~~~~~~~~~~~~~~
~~~~~~~~
    + CategoryInfo   
           : NotSpe  
  cified: ([33m:S   
 tring) [], Remot    
eException
    + FullyQualified 
   ErrorId : Native  
  CommandError
 
(!) Some chunks are 
larger than 500 kB 
after minification. 
Consider:
- Using dynamic 
import() to 
code-split the 
application
- Use build.rollupOpt
ions.output.manualChu
nks to improve 
chunking: https://rol
lupjs.org/configurati
on-options/#output-ma
nualchunks
- Adjust chunk size 
limit for this 
warning via build.chu
nkSizeWarningLimit.[
39m
[32mΓ£ô built in 5.02s[39m
